/home/rbruno/git/faastion/native-execution/benchmarks/filehashing
176
build/filehashing-1.0-all/com/sun/activation/registries/MailcapParseException.class
build/filehashing-1.0-all/com/sun/activation/registries/MimeTypeEntry.class
build/filehashing-1.0-all/com/sun/activation/registries/LineTokenizer.class
build/filehashing-1.0-all/com/sun/activation/registries/LogSupport.class
build/filehashing-1.0-all/com/sun/activation/viewers/TextEditor.class
build/filehashing-1.0-all/com/sun/activation/registries/MimeTypeFile.class
build/filehashing-1.0-all/com/sun/activation/registries/MailcapTokenizer.class
build/filehashing-1.0-all/com/sun/activation/registries/MailcapFile.class
build/filehashing-1.0-all/com/sun/activation/viewers/TextViewer.class
build/filehashing-1.0-all/com/sun/activation/viewers/ImageViewerCanvas.class
build/filehashing-1.0-all/com/sun/activation/viewers/ImageViewer.class
build/filehashing-1.0-all/com/filehashing/FileHashing.class
build/filehashing-1.0-all/javax/activation/CommandInfo.class
build/filehashing-1.0-all/javax/activation/CommandMap.class
build/filehashing-1.0-all/javax/activation/ObjectDataContentHandler.class
build/filehashing-1.0-all/javax/activation/ActivationDataFlavor.class
build/filehashing-1.0-all/javax/activation/URLDataSource.class
build/filehashing-1.0-all/javax/activation/UnsupportedDataTypeException.class
build/filehashing-1.0-all/javax/activation/SecuritySupport$2.class
build/filehashing-1.0-all/javax/activation/SecuritySupport$1.class
build/filehashing-1.0-all/javax/activation/DataSourceDataContentHandler.class
build/filehashing-1.0-all/javax/activation/DataHandler$1.class
build/filehashing-1.0-all/javax/activation/DataContentHandlerFactory.class
build/filehashing-1.0-all/javax/activation/SecuritySupport$3.class
build/filehashing-1.0-all/javax/activation/CommandObject.class
build/filehashing-1.0-all/javax/activation/FileDataSource.class
build/filehashing-1.0-all/javax/activation/DataSource.class
build/filehashing-1.0-all/javax/activation/SecuritySupport$4.class
build/filehashing-1.0-all/javax/activation/MailcapCommandMap.class
build/filehashing-1.0-all/javax/activation/MimeTypeParameterList.class
build/filehashing-1.0-all/javax/activation/MimetypesFileTypeMap.class
build/filehashing-1.0-all/javax/activation/DataHandler.class
build/filehashing-1.0-all/javax/activation/SecuritySupport.class
build/filehashing-1.0-all/javax/activation/DataContentHandler.class
build/filehashing-1.0-all/javax/activation/MimeType.class
build/filehashing-1.0-all/javax/activation/SecuritySupport$5.class
build/filehashing-1.0-all/javax/activation/MimeTypeParseException.class
build/filehashing-1.0-all/javax/activation/FileTypeMap.class
build/filehashing-1.0-all/javax/activation/DataHandlerDataSource.class
build/filehashing-1.0-all/javax/xml/bind/JAXBElement.class
build/filehashing-1.0-all/javax/xml/bind/ValidationEvent.class
build/filehashing-1.0-all/javax/xml/bind/helpers/PrintConversionEventImpl.class
build/filehashing-1.0-all/javax/xml/bind/helpers/AbstractMarshallerImpl.class
build/filehashing-1.0-all/javax/xml/bind/helpers/ParseConversionEventImpl.class
build/filehashing-1.0-all/javax/xml/bind/helpers/Messages.class
build/filehashing-1.0-all/javax/xml/bind/helpers/ValidationEventImpl.class
build/filehashing-1.0-all/javax/xml/bind/helpers/DefaultValidationEventHandler.class
build/filehashing-1.0-all/javax/xml/bind/helpers/ValidationEventLocatorImpl.class
build/filehashing-1.0-all/javax/xml/bind/helpers/AbstractUnmarshallerImpl.class
build/filehashing-1.0-all/javax/xml/bind/ValidationEventHandler.class
build/filehashing-1.0-all/javax/xml/bind/Unmarshaller$Listener.class
build/filehashing-1.0-all/javax/xml/bind/helpers/NotIdentifiableEventImpl.class
build/filehashing-1.0-all/javax/xml/bind/UnmarshalException.class
build/filehashing-1.0-all/javax/xml/bind/Unmarshaller.class
build/filehashing-1.0-all/javax/xml/bind/ContextFinder.class
build/filehashing-1.0-all/javax/xml/bind/TypeConstraintException.class
build/filehashing-1.0-all/javax/xml/bind/JAXBContext.class
build/filehashing-1.0-all/javax/xml/bind/Element.class
build/filehashing-1.0-all/javax/xml/bind/Marshaller$Listener.class
build/filehashing-1.0-all/javax/xml/bind/JAXBException.class
build/filehashing-1.0-all/javax/xml/bind/ContextFinder$1.class
build/filehashing-1.0-all/javax/xml/bind/UnmarshallerHandler.class
build/filehashing-1.0-all/javax/xml/bind/Validator.class
build/filehashing-1.0-all/javax/xml/bind/JAXB.class
build/filehashing-1.0-all/javax/xml/bind/Messages.class
build/filehashing-1.0-all/javax/xml/bind/DatatypeConverterImpl.class
build/filehashing-1.0-all/javax/xml/bind/NotIdentifiableEvent.class
build/filehashing-1.0-all/javax/xml/bind/WhiteSpaceProcessor.class
build/filehashing-1.0-all/javax/xml/bind/PrintConversionEvent.class
build/filehashing-1.0-all/javax/xml/bind/JAXBIntrospector.class
build/filehashing-1.0-all/javax/xml/bind/JAXB$Cache.class
build/filehashing-1.0-all/javax/xml/bind/Marshaller.class
build/filehashing-1.0-all/javax/xml/bind/MarshalException.class
build/filehashing-1.0-all/javax/xml/bind/JAXBElement$GlobalScope.class
build/filehashing-1.0-all/javax/xml/bind/DatatypeConverterImpl$CalendarFormatter.class
build/filehashing-1.0-all/javax/xml/bind/PropertyException.class
build/filehashing-1.0-all/javax/xml/bind/util/JAXBSource.class
build/filehashing-1.0-all/javax/xml/bind/DatatypeConverter.class
build/filehashing-1.0-all/javax/xml/bind/util/Messages.class
build/filehashing-1.0-all/javax/xml/bind/util/ValidationEventCollector.class
build/filehashing-1.0-all/javax/xml/bind/util/JAXBResult.class
build/filehashing-1.0-all/javax/xml/bind/util/JAXBSource$1.class
build/filehashing-1.0-all/javax/xml/bind/ParseConversionEvent.class
build/filehashing-1.0-all/javax/xml/bind/DataBindingException.class
build/filehashing-1.0-all/javax/xml/bind/SchemaOutputResolver.class
build/filehashing-1.0-all/javax/xml/bind/Binder.class
build/filehashing-1.0-all/javax/xml/bind/ValidationException.class
build/filehashing-1.0-all/javax/xml/bind/annotation/XmlRegistry.class
build/filehashing-1.0-all/javax/xml/bind/annotation/XmlValue.class
build/filehashing-1.0-all/javax/xml/bind/annotation/DomHandler.class
build/filehashing-1.0-all/javax/xml/bind/annotation/XmlTransient.class
build/filehashing-1.0-all/javax/xml/bind/annotation/XmlSchema.class
build/filehashing-1.0-all/javax/xml/bind/annotation/XmlElementRef.class
build/filehashing-1.0-all/javax/xml/bind/annotation/XmlType.class
build/filehashing-1.0-all/javax/xml/bind/annotation/XmlSeeAlso.class
build/filehashing-1.0-all/javax/xml/bind/annotation/XmlType$DEFAULT.class
build/filehashing-1.0-all/javax/xml/bind/annotation/XmlEnumValue.class
build/filehashing-1.0-all/javax/xml/bind/annotation/XmlAccessOrder.class
build/filehashing-1.0-all/javax/xml/bind/annotation/XmlID.class
build/filehashing-1.0-all/javax/xml/bind/annotation/XmlRootElement.class
build/filehashing-1.0-all/javax/xml/bind/annotation/XmlElement.class
build/filehashing-1.0-all/javax/xml/bind/annotation/XmlAccessorType.class
build/filehashing-1.0-all/javax/xml/bind/annotation/XmlMixed.class
build/filehashing-1.0-all/javax/xml/bind/annotation/XmlElement$DEFAULT.class
build/filehashing-1.0-all/javax/xml/bind/annotation/XmlAnyElement.class
build/filehashing-1.0-all/javax/xml/bind/annotation/XmlSchemaType$DEFAULT.class
build/filehashing-1.0-all/javax/xml/bind/annotation/XmlAccessType.class
build/filehashing-1.0-all/javax/xml/bind/annotation/XmlAnyAttribute.class
build/filehashing-1.0-all/javax/xml/bind/annotation/XmlElements.class
build/filehashing-1.0-all/javax/xml/bind/annotation/XmlElementDecl.class
build/filehashing-1.0-all/javax/xml/bind/annotation/XmlIDREF.class
build/filehashing-1.0-all/javax/xml/bind/annotation/XmlElementDecl$GLOBAL.class
build/filehashing-1.0-all/javax/xml/bind/annotation/XmlNsForm.class
build/filehashing-1.0-all/javax/xml/bind/annotation/adapters/XmlAdapter.class
build/filehashing-1.0-all/javax/xml/bind/annotation/adapters/NormalizedStringAdapter.class
build/filehashing-1.0-all/javax/xml/bind/annotation/adapters/CollapsedStringAdapter.class
build/filehashing-1.0-all/javax/xml/bind/annotation/adapters/HexBinaryAdapter.class
build/filehashing-1.0-all/javax/xml/bind/annotation/adapters/XmlJavaTypeAdapter.class
build/filehashing-1.0-all/javax/xml/bind/annotation/adapters/XmlJavaTypeAdapter$DEFAULT.class
build/filehashing-1.0-all/javax/xml/bind/annotation/adapters/XmlJavaTypeAdapters.class
build/filehashing-1.0-all/javax/xml/bind/annotation/XmlInlineBinaryData.class
build/filehashing-1.0-all/javax/xml/bind/annotation/XmlSchemaType.class
build/filehashing-1.0-all/javax/xml/bind/annotation/XmlEnum.class
build/filehashing-1.0-all/javax/xml/bind/annotation/XmlAttribute.class
build/filehashing-1.0-all/javax/xml/bind/annotation/XmlList.class
build/filehashing-1.0-all/javax/xml/bind/annotation/XmlAttachmentRef.class
build/filehashing-1.0-all/javax/xml/bind/annotation/XmlNs.class
build/filehashing-1.0-all/javax/xml/bind/annotation/W3CDomHandler.class
build/filehashing-1.0-all/javax/xml/bind/annotation/XmlElementRefs.class
build/filehashing-1.0-all/javax/xml/bind/annotation/XmlElementWrapper.class
build/filehashing-1.0-all/javax/xml/bind/annotation/XmlAccessorOrder.class
build/filehashing-1.0-all/javax/xml/bind/annotation/XmlSchemaTypes.class
build/filehashing-1.0-all/javax/xml/bind/annotation/XmlMimeType.class
build/filehashing-1.0-all/javax/xml/bind/annotation/XmlElementRef$DEFAULT.class
build/filehashing-1.0-all/javax/xml/bind/GetPropertyAction.class
build/filehashing-1.0-all/javax/xml/bind/ValidationEventLocator.class
build/filehashing-1.0-all/javax/xml/bind/DatatypeConverterInterface.class
build/filehashing-1.0-all/javax/xml/bind/attachment/AttachmentUnmarshaller.class
build/filehashing-1.0-all/javax/xml/bind/attachment/AttachmentMarshaller.class
build/filehashing-1.0-all/javax/xml/stream/XMLStreamReader.class
build/filehashing-1.0-all/javax/xml/stream/FactoryFinder$1.class
build/filehashing-1.0-all/javax/xml/stream/XMLEventReader.class
build/filehashing-1.0-all/javax/xml/stream/FactoryFinder$ClassLoaderFinder.class
build/filehashing-1.0-all/javax/xml/stream/XMLEventWriter.class
build/filehashing-1.0-all/javax/xml/stream/XMLInputFactory.class
build/filehashing-1.0-all/javax/xml/stream/XMLResolver.class
build/filehashing-1.0-all/javax/xml/stream/XMLEventFactory.class
build/filehashing-1.0-all/javax/xml/stream/StreamFilter.class
build/filehashing-1.0-all/javax/xml/stream/events/Attribute.class
build/filehashing-1.0-all/javax/xml/stream/FactoryFinder.class
build/filehashing-1.0-all/javax/xml/stream/XMLOutputFactory.class
build/filehashing-1.0-all/javax/xml/stream/events/EndElement.class
build/filehashing-1.0-all/javax/xml/stream/events/Namespace.class
build/filehashing-1.0-all/javax/xml/stream/events/Comment.class
build/filehashing-1.0-all/javax/xml/stream/events/EndDocument.class
build/filehashing-1.0-all/javax/xml/stream/events/Characters.class
build/filehashing-1.0-all/javax/xml/stream/events/XMLEvent.class
build/filehashing-1.0-all/javax/xml/stream/events/StartElement.class
build/filehashing-1.0-all/javax/xml/stream/events/ProcessingInstruction.class
build/filehashing-1.0-all/javax/xml/stream/events/EntityReference.class
build/filehashing-1.0-all/javax/xml/stream/events/EntityDeclaration.class
build/filehashing-1.0-all/javax/xml/stream/events/NotationDeclaration.class
build/filehashing-1.0-all/javax/xml/stream/events/StartDocument.class
build/filehashing-1.0-all/javax/xml/stream/events/DTD.class
build/filehashing-1.0-all/javax/xml/stream/XMLReporter.class
build/filehashing-1.0-all/javax/xml/stream/Location.class
build/filehashing-1.0-all/javax/xml/stream/util/XMLEventAllocator.class
build/filehashing-1.0-all/javax/xml/stream/util/XMLEventConsumer.class
build/filehashing-1.0-all/javax/xml/stream/FactoryConfigurationError.class
build/filehashing-1.0-all/javax/xml/stream/util/EventReaderDelegate.class
build/filehashing-1.0-all/javax/xml/stream/util/StreamReaderDelegate.class
build/filehashing-1.0-all/javax/xml/stream/XMLStreamConstants.class
build/filehashing-1.0-all/javax/xml/stream/XMLStreamWriter.class
build/filehashing-1.0-all/javax/xml/stream/EventFilter.class
build/filehashing-1.0-all/javax/xml/stream/FactoryFinder$ClassLoaderFinderConcrete.class
build/filehashing-1.0-all/javax/xml/stream/XMLStreamException.class
