/home/rbruno/git/faastion/native-execution/benchmarks/classify
33
build/libs/org/tensorflow/types/UInt8.class
build/libs/org/tensorflow/Session$Run.class
build/libs/org/tensorflow/Output.class
build/libs/org/tensorflow/Operation.class

  private static native java.lang.String name(long);
    descriptor: (J)Ljava/lang/String;
    flags: (0x010a) ACC_PRIVATE, ACC_STATIC, ACC_NATIVE

  private static native java.lang.String type(long);
    descriptor: (J)Ljava/lang/String;
    flags: (0x010a) ACC_PRIVATE, ACC_STATIC, ACC_NATIVE

  private static native int numOutputs(long);
    descriptor: (J)I
    flags: (0x010a) ACC_PRIVATE, ACC_STATIC, ACC_NATIVE

  private static native int outputListLength(long, java.lang.String);
    descriptor: (JLjava/lang/String;)I
    flags: (0x010a) ACC_PRIVATE, ACC_STATIC, ACC_NATIVE

  private static native int inputListLength(long, java.lang.String);
    descriptor: (JLjava/lang/String;)I
    flags: (0x010a) ACC_PRIVATE, ACC_STATIC, ACC_NATIVE

  private static native long[] shape(long, long, int);
    descriptor: (JJI)[J
    flags: (0x010a) ACC_PRIVATE, ACC_STATIC, ACC_NATIVE

  private static native int dtype(long, long, int);
    descriptor: (JJI)I
    flags: (0x010a) ACC_PRIVATE, ACC_STATIC, ACC_NATIVE
build/libs/org/tensorflow/Graph$OperationIterator.class
build/libs/org/tensorflow/Shape.class
build/libs/org/tensorflow/NativeLibrary.class
build/libs/org/tensorflow/Tensors.class
build/libs/org/tensorflow/Graph$1.class
build/libs/org/tensorflow/DataType.class
build/libs/org/tensorflow/Session.class

  private static native long allocate(long);
    descriptor: (J)J
    flags: (0x010a) ACC_PRIVATE, ACC_STATIC, ACC_NATIVE

  private static native long allocate2(long, java.lang.String, byte[]);
    descriptor: (JLjava/lang/String;[B)J
    flags: (0x010a) ACC_PRIVATE, ACC_STATIC, ACC_NATIVE

  private static native void delete(long);
    descriptor: (J)V
    flags: (0x010a) ACC_PRIVATE, ACC_STATIC, ACC_NATIVE

  private static native byte[] run(long, byte[], long[], long[], int[], long[], int[], long[], boolean, long[]);
    descriptor: (J[B[J[J[I[J[I[JZ[J)[B
    flags: (0x010a) ACC_PRIVATE, ACC_STATIC, ACC_NATIVE
build/libs/org/tensorflow/Graph.class

  private static native long allocate();
    descriptor: ()J
    flags: (0x010a) ACC_PRIVATE, ACC_STATIC, ACC_NATIVE

  private static native void delete(long);
    descriptor: (J)V
    flags: (0x010a) ACC_PRIVATE, ACC_STATIC, ACC_NATIVE

  private static native long operation(long, java.lang.String);
    descriptor: (JLjava/lang/String;)J
    flags: (0x010a) ACC_PRIVATE, ACC_STATIC, ACC_NATIVE

  private static native long[] nextOperation(long, int);
    descriptor: (JI)[J
    flags: (0x010a) ACC_PRIVATE, ACC_STATIC, ACC_NATIVE

  private static native void importGraphDef(long, byte[], java.lang.String) throws java.lang.IllegalArgumentException;
    descriptor: (J[BLjava/lang/String;)V
    flags: (0x010a) ACC_PRIVATE, ACC_STATIC, ACC_NATIVE
--

  private static native byte[] toGraphDef(long);
    descriptor: (J)[B
    flags: (0x010a) ACC_PRIVATE, ACC_STATIC, ACC_NATIVE
build/libs/org/tensorflow/Graph$Reference.class
build/libs/org/tensorflow/OperationBuilder.class

  private static native long allocate(long, java.lang.String, java.lang.String);
    descriptor: (JLjava/lang/String;Ljava/lang/String;)J
    flags: (0x010a) ACC_PRIVATE, ACC_STATIC, ACC_NATIVE

  private static native long finish(long);
    descriptor: (J)J
    flags: (0x010a) ACC_PRIVATE, ACC_STATIC, ACC_NATIVE

  private static native void addInput(long, long, int);
    descriptor: (JJI)V
    flags: (0x010a) ACC_PRIVATE, ACC_STATIC, ACC_NATIVE

  private static native void addInputList(long, long[], int[]);
    descriptor: (J[J[I)V
    flags: (0x010a) ACC_PRIVATE, ACC_STATIC, ACC_NATIVE

  private static native void addControlInput(long, long);
    descriptor: (JJ)V
    flags: (0x010a) ACC_PRIVATE, ACC_STATIC, ACC_NATIVE

  private static native void setDevice(long, java.lang.String);
    descriptor: (JLjava/lang/String;)V
    flags: (0x010a) ACC_PRIVATE, ACC_STATIC, ACC_NATIVE

  private static native void setAttrString(long, java.lang.String, byte[]);
    descriptor: (JLjava/lang/String;[B)V
    flags: (0x010a) ACC_PRIVATE, ACC_STATIC, ACC_NATIVE

  private static native void setAttrInt(long, java.lang.String, long);
    descriptor: (JLjava/lang/String;J)V
    flags: (0x010a) ACC_PRIVATE, ACC_STATIC, ACC_NATIVE

  private static native void setAttrIntList(long, java.lang.String, long[]);
    descriptor: (JLjava/lang/String;[J)V
    flags: (0x010a) ACC_PRIVATE, ACC_STATIC, ACC_NATIVE

  private static native void setAttrFloat(long, java.lang.String, float);
    descriptor: (JLjava/lang/String;F)V
    flags: (0x010a) ACC_PRIVATE, ACC_STATIC, ACC_NATIVE

  private static native void setAttrFloatList(long, java.lang.String, float[]);
    descriptor: (JLjava/lang/String;[F)V
    flags: (0x010a) ACC_PRIVATE, ACC_STATIC, ACC_NATIVE

  private static native void setAttrBool(long, java.lang.String, boolean);
    descriptor: (JLjava/lang/String;Z)V
    flags: (0x010a) ACC_PRIVATE, ACC_STATIC, ACC_NATIVE

  private static native void setAttrBoolList(long, java.lang.String, boolean[]);
    descriptor: (JLjava/lang/String;[Z)V
    flags: (0x010a) ACC_PRIVATE, ACC_STATIC, ACC_NATIVE

  private static native void setAttrType(long, java.lang.String, int);
    descriptor: (JLjava/lang/String;I)V
    flags: (0x010a) ACC_PRIVATE, ACC_STATIC, ACC_NATIVE

  private static native void setAttrTypeList(long, java.lang.String, int[]);
    descriptor: (JLjava/lang/String;[I)V
    flags: (0x010a) ACC_PRIVATE, ACC_STATIC, ACC_NATIVE

  private static native void setAttrTensor(long, java.lang.String, long);
    descriptor: (JLjava/lang/String;J)V
    flags: (0x010a) ACC_PRIVATE, ACC_STATIC, ACC_NATIVE

  private static native void setAttrTensorList(long, java.lang.String, long[]);
    descriptor: (JLjava/lang/String;[J)V
    flags: (0x010a) ACC_PRIVATE, ACC_STATIC, ACC_NATIVE

  private static native void setAttrShape(long, java.lang.String, long[], int);
    descriptor: (JLjava/lang/String;[JI)V
    flags: (0x010a) ACC_PRIVATE, ACC_STATIC, ACC_NATIVE

  private static native void setAttrShapeList(long, java.lang.String, long[], int[]);
    descriptor: (JLjava/lang/String;[J[I)V
    flags: (0x010a) ACC_PRIVATE, ACC_STATIC, ACC_NATIVE

  private static native void setAttrStringList(long, java.lang.String, java.lang.Object[]);
    descriptor: (JLjava/lang/String;[Ljava/lang/Object;)V
    flags: (0x010a) ACC_PRIVATE, ACC_STATIC, ACC_NATIVE
build/libs/org/tensorflow/TensorFlow.class
{
  public static native java.lang.String version();
    descriptor: ()Ljava/lang/String;
    flags: (0x0109) ACC_PUBLIC, ACC_STATIC, ACC_NATIVE

  public static native byte[] registeredOpList();
    descriptor: ()[B
    flags: (0x0109) ACC_PUBLIC, ACC_STATIC, ACC_NATIVE
--

  private static native long libraryLoad(java.lang.String);
    descriptor: (Ljava/lang/String;)J
    flags: (0x010a) ACC_PRIVATE, ACC_STATIC, ACC_NATIVE

  private static native void libraryDelete(long);
    descriptor: (J)V
    flags: (0x010a) ACC_PRIVATE, ACC_STATIC, ACC_NATIVE

  private static native byte[] libraryOpList(long);
    descriptor: (J)[B
    flags: (0x010a) ACC_PRIVATE, ACC_STATIC, ACC_NATIVE
build/libs/org/tensorflow/Session$Runner.class
build/libs/org/tensorflow/Tensor$1.class
build/libs/org/tensorflow/Session$Runner$Reference.class
build/libs/org/tensorflow/SavedModelBundle.class

  private static native org.tensorflow.SavedModelBundle load(java.lang.String, java.lang.String[], byte[]);
    descriptor: (Ljava/lang/String;[Ljava/lang/String;[B)Lorg/tensorflow/SavedModelBundle;
    flags: (0x010a) ACC_PRIVATE, ACC_STATIC, ACC_NATIVE
build/libs/org/tensorflow/op/Op.class
build/libs/org/tensorflow/Tensor.class

  private static native long allocate(int, long[], long);
    descriptor: (I[JJ)J
    flags: (0x010a) ACC_PRIVATE, ACC_STATIC, ACC_NATIVE

  private static native long allocateScalarBytes(byte[]);
    descriptor: ([B)J
    flags: (0x010a) ACC_PRIVATE, ACC_STATIC, ACC_NATIVE

  private static native long allocateNonScalarBytes(long[], java.lang.Object[]);
    descriptor: ([J[Ljava/lang/Object;)J
    flags: (0x010a) ACC_PRIVATE, ACC_STATIC, ACC_NATIVE

  private static native void delete(long);
    descriptor: (J)V
    flags: (0x010a) ACC_PRIVATE, ACC_STATIC, ACC_NATIVE

  private static native java.nio.ByteBuffer buffer(long);
    descriptor: (J)Ljava/nio/ByteBuffer;
    flags: (0x010a) ACC_PRIVATE, ACC_STATIC, ACC_NATIVE

  private static native int dtype(long);
    descriptor: (J)I
    flags: (0x010a) ACC_PRIVATE, ACC_STATIC, ACC_NATIVE

  private static native long[] shape(long);
    descriptor: (J)[J
    flags: (0x010a) ACC_PRIVATE, ACC_STATIC, ACC_NATIVE

  private static native void setValue(long, java.lang.Object);
    descriptor: (JLjava/lang/Object;)V
    flags: (0x010a) ACC_PRIVATE, ACC_STATIC, ACC_NATIVE

  private static native float scalarFloat(long);
    descriptor: (J)F
    flags: (0x010a) ACC_PRIVATE, ACC_STATIC, ACC_NATIVE

  private static native double scalarDouble(long);
    descriptor: (J)D
    flags: (0x010a) ACC_PRIVATE, ACC_STATIC, ACC_NATIVE

  private static native int scalarInt(long);
    descriptor: (J)I
    flags: (0x010a) ACC_PRIVATE, ACC_STATIC, ACC_NATIVE

  private static native long scalarLong(long);
    descriptor: (J)J
    flags: (0x010a) ACC_PRIVATE, ACC_STATIC, ACC_NATIVE

  private static native boolean scalarBoolean(long);
    descriptor: (J)Z
    flags: (0x010a) ACC_PRIVATE, ACC_STATIC, ACC_NATIVE

  private static native byte[] scalarBytes(long);
    descriptor: (J)[B
    flags: (0x010a) ACC_PRIVATE, ACC_STATIC, ACC_NATIVE

  private static native void readNDArray(long, java.lang.Object);
    descriptor: (JLjava/lang/Object;)V
    flags: (0x010a) ACC_PRIVATE, ACC_STATIC, ACC_NATIVE
build/libs/org/tensorflow/op/NameScope.class
build/libs/org/tensorflow/op/Operands.class
build/libs/org/tensorflow/op/Scope.class
build/libs/org/tensorflow/op/Ops.class
build/libs/org/tensorflow/TensorFlowException.class
build/libs/org/tensorflow/op/annotation/Operator.class
build/libs/org/tensorflow/op/PrimitiveOp.class
build/libs/org/tensorflow/op/core/Constant.class
build/libs/org/tensorflow/Operand.class
build/libs/com/classify/InceptionImageClassifier.class
build/libs/com/classify/TensorUtils.class
build/libs/com/classify/Classify.class
